<html>
<body>
<pre>
<h1>µVision Build Log</h1>
<h2>Tool Versions:</h2>
IDE-Version: ¦ÌVision V5.15
Copyright (C) 2015 ARM Ltd and ARM Germany GmbH. All rights reserved.
License Information: q q, q, LIC=----
 
Tool Versions:
Toolchain:       MDK-Lite  Version: 5.15.0
Toolchain Path:  C:\Keil_v5\ARM\ARMCC\Bin
C Compiler:      Armcc.exe V5.05 update 2 (build 169)
Assembler:       Armasm.exe V5.05 update 2 (build 169)
Linker/Locator:  ArmLink.exe V5.05 update 2 (build 169)
Library Manager: ArmAr.exe V5.05 update 2 (build 169)
Hex Converter:   FromElf.exe V5.05 update 2 (build 169)
CPU DLL:         SARMCM3.DLL V5.15.0
Dialog DLL:      DARMP1.DLL V1.25.0.0
Target DLL:      UL2CM3.DLL V1.155.8.0
Dialog DLL:      TARMP1.DLL V1.24.0.0
 
<h2>Project:</h2>
F:\16091_project\cortex-m0\m0Ô´Âë\Full V5.1\project.uvproj
Project File Date:  11/18/2016

<h2>Output:</h2>
*** Using Compiler 'V5.05 update 2 (build 169)', folder: 'C:\Keil_v5\ARM\ARMCC\Bin'
Rebuild target 'Full'
assembling startup_LPC11xx.s...
compiling core_cm0.c...
compiling system_LPC11xx.c...
compiling clkconfig.c...
compiling gpio.c...
compiling uart.c...
compiling retarget.c...
compiling timer32.c...
compiling ssp.c...
compiling i2c.c...
compiling can.c...
compiling adc.c...
compiling wdt.c...
compiling tools.c...
compiling key.c...
compiling seg7led.c...
compiling oled2864.c...
compiling temp_hum.c...
compiling light.c...
compiling acc.c...
compiling rfid.c...
compiling spi_uart.c...
compiling main.c...
src\main.c(432): warning:  #111-D: statement is unreachable
                                        break;
src\main.c: 1 warning, 0 errors
compiling menu.c...
compiling sensor.c...
compiling led_spk_fan.c...
compiling lpc11c14_it.c...
compiling collect_data.c...
compiling myrfid.c...
compiling file_operations.c...
compiling sys_init.c...
linking...
Program Size: Code=27132 RO-data=2904 RW-data=304 ZI-data=2232  
FromELF: creating hex file...
".\output\Full.axf" - 0 Error(s), 1 Warning(s).
</pre>
</body>
</html>
